2020-03-02 12:03:928 INFO  LoggerHelper:21 - I am test
2020-03-02 12:03:932 INFO  LoggerHelper:22 - I am test
2020-03-02 12:03:933 INFO  LoggerHelper:23 - I am test
